#line 1 "prepro19.bi"





PRINT (10 + PRINT 20;);


