#line 1 "prepro39.bi"






    PRINT , 
#line 7


