#line 1 "prepro17.bi"






PRINT PRINT PRINT 10;;;


