




FOR xxx = 1 TO 10 
        PRINT xxx 
    NEXT 
#line 9
PRINT "Line 9"
