#line 1 "prepro57.bi"


PRINT "LANG = es"
#line 5 "prepro57.bi"


