Sub x
End Sub




#line 1 "prepro27.bi"
Sub x
End Sub

#line 9 "prepro27.bi"

#line 8 "prepro27.bi"
#line 9 "prepro27.bi"

