#line 1 "prepro10.bi"


function test(byval a as byte)
    let test = 0
end function

