


REM This is OK
#line 6 "prepro02.bi"

REM End

