REM LINE 1
#line 5 "prepro04.bi"
REM LINE 5
#line 7 "prepro04.bi"
REM LINE 7

