#line 1 "prepro47.bi"



#line 8 "prepro47.bi"



