#line 1 "prepro55.bi"




ok 
#line 7 "prepro55.bi"

