#line 1 "prepro46.bi"



print 1
#line 6 "prepro46.bi"



