#line 1 "prepro24.bi"





FOR xxx = 1 TO 10 
        PRINT xxx 
    NEXT 
#line 8

PRINT "Line 9"
