#line 1 "prepro48.bi"



#line 8 "prepro48.bi"



