#line 1 "prepro74.bi"
#line 1 "/zxbasic/library/pos.bas"















#pragma push(case_insensitive)
#pragma case_insensitive = true









function FASTCALL pos as ubyte
    asm
    PROC

    call __LOAD_S_POSN
    ld a, e

    ENDP
    end asm
end function

#pragma pop(case_insensitive)
#require "sposn.asm"


#line 43 "/zxbasic/library/pos.bas"

#line 2 "prepro74.bi"



#line 1 "prepro74.bi"


#line 7 "prepro74.bi"

glibberish

#line 6 "prepro74.bi"
#line 7 "prepro74.bi"

glibberish

