#line 1 "prepro41.bi"


10 PAUSE 0 : 
    asm               
        call 65012    
    end asm
#line 6
 : PAUSE 0


