#line 1 "prepro12.bi"






)PRINT "HELLO WORLD"


