#line 1 "prepro43.bi"



print 1
#line 6 "prepro43.bi"

