#line 1 "prepro49.bi"



#line 8 "prepro49.bi"



