#line 1 "prepro14.bi"







PRINT "HELLO WORLD"


