#line 1 "prepro11.bi"






PRINT "HELLO WORLD"


