#line 1 "prepro13.bi"






PRINT "HELLO WORLD"


